// Jest Snapshot v1, https://goo.gl/fbAQLP

exports[`Footer component renders correctly 1`] = `
<footer
  className="rodoContainer my-2 text-light text-center mockyApp"
  data-jest="mockyApp"
>
  <span
    className="rodoComp"
  >
    Â©dynak.com 
    2020
  </span>
  <span
    className="rodo custom-styled-span ml-2"
    onClick={[Function]}
  >
    RODO
  </span>
</footer>
`;
