// Jest Snapshot v1, https://goo.gl/fbAQLP

exports[`App component renders correctly and contains the correct items 1`] = `
"<div id=\\"my\\" className=\\"main-container\\">
  <Navbar content={{...}} targetId=\\"headerNavbarMenu\\" />
  <Switch>
    <Route exact={true} path=\\"/\\" component={[Function: component]} />
    <Route exact={true} path=\\"/about\\" component={[Function: component]} />
    <Route exact={true} path=\\"/projects\\" component={[Function: component]} />
    <Route exact={true} path=\\"/contact\\" component={[Function: component]} />
    <Route component={[Function: component]} />
  </Switch>
  <Footer />
  <ModalsContainer modalsData={{...}} />
</div>"
`;
